Component: ARM Compiler 5.06 update 3 (build 300) Tool: armlink [4d35c9]

==============================================================================

Section Cross References

    common.o(.text) refers to misc.o(.text) for SysTick_CLKSourceConfig
    common.o(.text) refers to dmul.o(.text) for __aeabi_dmul
    common.o(.text) refers to system_stm32f10x.o(.data) for SystemCoreClock
    common.o(.text) refers to common.o(.data) for fac_us
    system_stm32f10x.o(.text) refers to system_stm32f10x.o(.data) for SystemCoreClock
    startup_stm32f10x_md.o(RESET) refers to startup_stm32f10x_md.o(STACK) for __initial_sp
    startup_stm32f10x_md.o(RESET) refers to startup_stm32f10x_md.o(.text) for Reset_Handler
    startup_stm32f10x_md.o(RESET) refers to stm32f10x_it.o(.text) for NMI_Handler
    startup_stm32f10x_md.o(RESET) refers to systick.o(.text) for TIM2_IRQHandler
    startup_stm32f10x_md.o(RESET) refers to smotor.o(.text) for TIM3_IRQHandler
    startup_stm32f10x_md.o(RESET) refers to wifi.o(.text) for USART1_IRQHandler
    startup_stm32f10x_md.o(.text) refers to entry.o(.ARM.Collect$$$$00000000) for __main
    stm32f10x_adc.o(.text) refers to stm32f10x_rcc.o(.text) for RCC_APB2PeriphResetCmd
    stm32f10x_gpio.o(.text) refers to stm32f10x_rcc.o(.text) for RCC_APB2PeriphResetCmd
    stm32f10x_rcc.o(.text) refers to stm32f10x_rcc.o(.data) for APBAHBPrescTable
    stm32f10x_spi.o(.text) refers to stm32f10x_rcc.o(.text) for RCC_APB2PeriphResetCmd
    stm32f10x_tim.o(.text) refers to stm32f10x_rcc.o(.text) for RCC_APB2PeriphResetCmd
    stm32f10x_usart.o(.text) refers to stm32f10x_rcc.o(.text) for RCC_APB2PeriphResetCmd
    io.o(.text) refers to stm32f10x_rcc.o(.text) for RCC_APB2PeriphClockCmd
    io.o(.text) refers to stm32f10x_gpio.o(.text) for GPIO_Init
    ad.o(.text) refers to stm32f10x_rcc.o(.text) for RCC_APB2PeriphClockCmd
    ad.o(.text) refers to stm32f10x_gpio.o(.text) for GPIO_Init
    ad.o(.text) refers to stm32f10x_adc.o(.text) for ADC_Init
    tim.o(.text) refers to stm32f10x_rcc.o(.text) for RCC_APB1PeriphClockCmd
    tim.o(.text) refers to stm32f10x_tim.o(.text) for TIM_TimeBaseInit
    tim.o(.text) refers to misc.o(.text) for NVIC_PriorityGroupConfig
    wifi.o(.text) refers to stm32f10x_rcc.o(.text) for RCC_APB2PeriphClockCmd
    wifi.o(.text) refers to stm32f10x_gpio.o(.text) for GPIO_Init
    wifi.o(.text) refers to misc.o(.text) for NVIC_Init
    wifi.o(.text) refers to stm32f10x_usart.o(.text) for USART_Init
    wifi.o(.text) refers to common.o(.text) for delay_ms
    wifi.o(.text) refers to wifi.o(.data) for WiFi_RX_STA
    wifi.o(.text) refers to wifi.o(.bss) for WiFi_RX_BUF
    systick.o(.text) refers to stm32f10x_rcc.o(.text) for RCC_APB1PeriphClockCmd
    systick.o(.text) refers to stm32f10x_tim.o(.text) for TIM_DeInit
    systick.o(.text) refers to misc.o(.text) for NVIC_PriorityGroupConfig
    systick.o(.text) refers to systick.o(.bss) for SysTickBit
    systick.o(.text) refers to systick.o(.data) for SysTickTime
    smotor.o(.text) refers to stm32f10x_rcc.o(.text) for RCC_APB2PeriphClockCmd
    smotor.o(.text) refers to stm32f10x_gpio.o(.text) for GPIO_Init
    smotor.o(.text) refers to stm32f10x_tim.o(.text) for TIM_TimeBaseInit
    smotor.o(.text) refers to misc.o(.text) for NVIC_PriorityGroupConfig
    smotor.o(.text) refers to smotor.o(.data) for Direction
    dht11.o(.text) refers to stm32f10x_gpio.o(.text) for GPIO_Init
    dht11.o(.text) refers to common.o(.text) for delay_ms
    dht11.o(.text) refers to stm32f10x_rcc.o(.text) for RCC_APB2PeriphClockCmd
    app.o(.text) refers to system_stm32f10x.o(.text) for SystemInit
    app.o(.text) refers to common.o(.text) for delay_init
    app.o(.text) refers to io.o(.text) for GPIO_Config
    app.o(.text) refers to ad.o(.text) for ADC_Configuration
    app.o(.text) refers to smotor.o(.text) for SMotor_Init
    app.o(.text) refers to wifi.o(.text) for WiFi_Init
    app.o(.text) refers to systick.o(.text) for SysTick_Init
    app.o(.text) refers to dht11.o(.text) for DHT11_Init
    app.o(.text) refers to stm32f10x_gpio.o(.text) for GPIO_WriteBit
    app.o(.text) refers to stm32f10x_adc.o(.text) for ADC_SoftwareStartInjectedConvCmd
    app.o(.text) refers to dflti.o(.text) for __aeabi_i2d
    app.o(.text) refers to ddiv.o(.text) for __aeabi_ddiv
    app.o(.text) refers to dfixui.o(.text) for __aeabi_d2uiz
    app.o(.text) refers to app.o(.data) for Humi
    app.o(.text) refers to app.o(.bss) for Dis
    app.o(.text) refers to systick.o(.bss) for SysTickBit
    app.o(.text) refers to wifi.o(.data) for WiFi_RX_STA
    app.o(.text) refers to wifi.o(.bss) for WiFi_RX_BUF
    entry.o(.ARM.Collect$$$$00000000) refers (Special) to entry10a.o(.ARM.Collect$$$$0000000D) for __rt_final_cpp
    entry.o(.ARM.Collect$$$$00000000) refers (Special) to entry11a.o(.ARM.Collect$$$$0000000F) for __rt_final_exit
    entry.o(.ARM.Collect$$$$00000000) refers (Special) to entry7b.o(.ARM.Collect$$$$00000008) for _main_clock
    entry.o(.ARM.Collect$$$$00000000) refers (Special) to entry8b.o(.ARM.Collect$$$$0000000A) for _main_cpp_init
    entry.o(.ARM.Collect$$$$00000000) refers (Special) to entry9a.o(.ARM.Collect$$$$0000000B) for _main_init
    entry.o(.ARM.Collect$$$$00000000) refers (Special) to entry5.o(.ARM.Collect$$$$00000004) for _main_scatterload
    entry.o(.ARM.Collect$$$$00000000) refers (Special) to entry2.o(.ARM.Collect$$$$00000001) for _main_stk
    dmul.o(.text) refers (Special) to iusefp.o(.text) for __I$use$fp
    dmul.o(.text) refers to depilogue.o(.text) for _double_epilogue
    ddiv.o(.text) refers (Special) to iusefp.o(.text) for __I$use$fp
    ddiv.o(.text) refers to depilogue.o(.text) for _double_round
    dflti.o(.text) refers (Special) to iusefp.o(.text) for __I$use$fp
    dflti.o(.text) refers to depilogue.o(.text) for _double_epilogue
    dfixui.o(.text) refers (Special) to iusefp.o(.text) for __I$use$fp
    dfixui.o(.text) refers to llushr.o(.text) for __aeabi_llsr
    entry2.o(.ARM.Collect$$$$00000001) refers to entry2.o(.ARM.Collect$$$$00002712) for __lit__00000000
    entry2.o(.ARM.Collect$$$$00002712) refers to startup_stm32f10x_md.o(STACK) for __initial_sp
    entry2.o(__vectab_stack_and_reset_area) refers to startup_stm32f10x_md.o(STACK) for __initial_sp
    entry2.o(__vectab_stack_and_reset_area) refers to entry.o(.ARM.Collect$$$$00000000) for __main
    entry5.o(.ARM.Collect$$$$00000004) refers to init.o(.text) for __scatterload
    entry9a.o(.ARM.Collect$$$$0000000B) refers to app.o(.text) for main
    entry9b.o(.ARM.Collect$$$$0000000C) refers to app.o(.text) for main
    depilogue.o(.text) refers to llshl.o(.text) for __aeabi_llsl
    depilogue.o(.text) refers to llushr.o(.text) for __aeabi_llsr
    init.o(.text) refers to entry5.o(.ARM.Collect$$$$00000004) for __main_after_scatterload


==============================================================================

Removing Unused input sections from the image.

    Removing core_cm3.o(.emb_text), (32 bytes).
    Removing startup_stm32f10x_md.o(HEAP), (0 bytes).
    Removing stm32f10x_spi.o(.text), (780 bytes).
    Removing stm32f10x_dma.o(.text), (596 bytes).
    Removing stm32f10x_exti.o(.text), (284 bytes).
    Removing stm32f10x_sdio.o(.text), (468 bytes).
    Removing tim.o(.text), (224 bytes).

7 unused section(s) (total 2384 bytes) removed from the image.

==============================================================================

Image Symbol Table

    Local Symbols

    Symbol Name                              Value     Ov Type        Size  Object(Section)

    ../clib/microlib/init/entry.s            0x00000000   Number         0  entry.o ABSOLUTE
    ../clib/microlib/init/entry.s            0x00000000   Number         0  entry11b.o ABSOLUTE
    ../clib/microlib/init/entry.s            0x00000000   Number         0  entry2.o ABSOLUTE
    ../clib/microlib/init/entry.s            0x00000000   Number         0  entry5.o ABSOLUTE
    ../clib/microlib/init/entry.s            0x00000000   Number         0  entry11a.o ABSOLUTE
    ../clib/microlib/init/entry.s            0x00000000   Number         0  entry7a.o ABSOLUTE
    ../clib/microlib/init/entry.s            0x00000000   Number         0  entry10b.o ABSOLUTE
    ../clib/microlib/init/entry.s            0x00000000   Number         0  entry10a.o ABSOLUTE
    ../clib/microlib/init/entry.s            0x00000000   Number         0  entry8a.o ABSOLUTE
    ../clib/microlib/init/entry.s            0x00000000   Number         0  entry9b.o ABSOLUTE
    ../clib/microlib/init/entry.s            0x00000000   Number         0  entry7b.o ABSOLUTE
    ../clib/microlib/init/entry.s            0x00000000   Number         0  entry9a.o ABSOLUTE
    ../clib/microlib/init/entry.s            0x00000000   Number         0  entry8b.o ABSOLUTE
    ../clib/microlib/longlong.c              0x00000000   Number         0  llshl.o ABSOLUTE
    ../clib/microlib/longlong.c              0x00000000   Number         0  llushr.o ABSOLUTE
    ../clib/microlib/stubs.s                 0x00000000   Number         0  iusefp.o ABSOLUTE
    ../fplib/microlib/fpdiv.c                0x00000000   Number         0  ddiv.o ABSOLUTE
    ../fplib/microlib/fpepilogue.c           0x00000000   Number         0  depilogue.o ABSOLUTE
    ../fplib/microlib/fpfix.c                0x00000000   Number         0  dfixui.o ABSOLUTE
    ../fplib/microlib/fpflt.c                0x00000000   Number         0  dflti.o ABSOLUTE
    ../fplib/microlib/fpmul.c                0x00000000   Number         0  dmul.o ABSOLUTE
    ..\APP\app.c                             0x00000000   Number         0  app.o ABSOLUTE
    ..\CORE\core_cm3.c                       0x00000000   Number         0  core_cm3.o ABSOLUTE
    ..\CORE\startup\startup_stm32f10x_md.s   0x00000000   Number         0  startup_stm32f10x_md.o ABSOLUTE
    ..\CORE\stm32f10x_it.c                   0x00000000   Number         0  stm32f10x_it.o ABSOLUTE
    ..\CORE\system_stm32f10x.c               0x00000000   Number         0  system_stm32f10x.o ABSOLUTE
    ..\FWLIB\src\misc.c                      0x00000000   Number         0  misc.o ABSOLUTE
    ..\FWLIB\src\stm32f10x_adc.c             0x00000000   Number         0  stm32f10x_adc.o ABSOLUTE
    ..\FWLIB\src\stm32f10x_dma.c             0x00000000   Number         0  stm32f10x_dma.o ABSOLUTE
    ..\FWLIB\src\stm32f10x_exti.c            0x00000000   Number         0  stm32f10x_exti.o ABSOLUTE
    ..\FWLIB\src\stm32f10x_gpio.c            0x00000000   Number         0  stm32f10x_gpio.o ABSOLUTE
    ..\FWLIB\src\stm32f10x_rcc.c             0x00000000   Number         0  stm32f10x_rcc.o ABSOLUTE
    ..\FWLIB\src\stm32f10x_sdio.c            0x00000000   Number         0  stm32f10x_sdio.o ABSOLUTE
    ..\FWLIB\src\stm32f10x_spi.c             0x00000000   Number         0  stm32f10x_spi.o ABSOLUTE
    ..\FWLIB\src\stm32f10x_tim.c             0x00000000   Number         0  stm32f10x_tim.o ABSOLUTE
    ..\FWLIB\src\stm32f10x_usart.c           0x00000000   Number         0  stm32f10x_usart.o ABSOLUTE
    ..\Periphery\AD\AD.c                     0x00000000   Number         0  ad.o ABSOLUTE
    ..\Periphery\DHT11\DHT11.c               0x00000000   Number         0  dht11.o ABSOLUTE
    ..\Periphery\IO\IO.c                     0x00000000   Number         0  io.o ABSOLUTE
    ..\Periphery\SMotor\SMotor.c             0x00000000   Number         0  smotor.o ABSOLUTE
    ..\Periphery\SysTick\SysTick.c           0x00000000   Number         0  systick.o ABSOLUTE
    ..\Periphery\TIM\TIM.c                   0x00000000   Number         0  tim.o ABSOLUTE
    ..\Periphery\WiFi\WiFi.c                 0x00000000   Number         0  wifi.o ABSOLUTE
    ..\\CORE\\core_cm3.c                     0x00000000   Number         0  core_cm3.o ABSOLUTE
    Main\common.c                            0x00000000   Number         0  common.o ABSOLUTE
    dc.s                                     0x00000000   Number         0  dc.o ABSOLUTE
    handlers.s                               0x00000000   Number         0  handlers.o ABSOLUTE
    init.s                                   0x00000000   Number         0  init.o ABSOLUTE
    RESET                                    0x08000000   Section      236  startup_stm32f10x_md.o(RESET)
    .ARM.Collect$$$$00000000                 0x080000ec   Section        0  entry.o(.ARM.Collect$$$$00000000)
    .ARM.Collect$$$$00000001                 0x080000ec   Section        4  entry2.o(.ARM.Collect$$$$00000001)
    .ARM.Collect$$$$00000004                 0x080000f0   Section        4  entry5.o(.ARM.Collect$$$$00000004)
    .ARM.Collect$$$$00000008                 0x080000f4   Section        0  entry7b.o(.ARM.Collect$$$$00000008)
    .ARM.Collect$$$$0000000A                 0x080000f4   Section        0  entry8b.o(.ARM.Collect$$$$0000000A)
    .ARM.Collect$$$$0000000B                 0x080000f4   Section        8  entry9a.o(.ARM.Collect$$$$0000000B)
    .ARM.Collect$$$$0000000D                 0x080000fc   Section        0  entry10a.o(.ARM.Collect$$$$0000000D)
    .ARM.Collect$$$$0000000F                 0x080000fc   Section        0  entry11a.o(.ARM.Collect$$$$0000000F)
    .ARM.Collect$$$$00002712                 0x080000fc   Section        4  entry2.o(.ARM.Collect$$$$00002712)
    __lit__00000000                          0x080000fc   Data           4  entry2.o(.ARM.Collect$$$$00002712)
    .text                                    0x08000100   Section        0  common.o(.text)
    .text                                    0x080004e8   Section        0  system_stm32f10x.o(.text)
    SetSysClockTo72                          0x080004e9   Thumb Code   214  system_stm32f10x.o(.text)
    SetSysClock                              0x080005bf   Thumb Code     8  system_stm32f10x.o(.text)
    .text                                    0x080006c8   Section        0  stm32f10x_it.o(.text)
    .text                                    0x080006e4   Section       28  startup_stm32f10x_md.o(.text)
    .text                                    0x08000700   Section        0  misc.o(.text)
    .text                                    0x080007dc   Section        0  stm32f10x_adc.o(.text)
    .text                                    0x08000c2c   Section        0  stm32f10x_gpio.o(.text)
    .text                                    0x08000f90   Section        0  stm32f10x_rcc.o(.text)
    .text                                    0x08001334   Section        0  stm32f10x_tim.o(.text)
    TI4_Config                               0x080017db   Thumb Code   130  stm32f10x_tim.o(.text)
    TI3_Config                               0x0800186f   Thumb Code   122  stm32f10x_tim.o(.text)
    TI2_Config                               0x08001903   Thumb Code   130  stm32f10x_tim.o(.text)
    TI1_Config                               0x08001997   Thumb Code   108  stm32f10x_tim.o(.text)
    .text                                    0x08002150   Section        0  stm32f10x_usart.o(.text)
    .text                                    0x08002558   Section        0  io.o(.text)
    .text                                    0x08002590   Section        0  ad.o(.text)
    .text                                    0x08002660   Section        0  wifi.o(.text)
    .text                                    0x08002980   Section        0  systick.o(.text)
    .text                                    0x08002bdc   Section        0  smotor.o(.text)
    .text                                    0x080030e0   Section        0  dht11.o(.text)
    .text                                    0x080032a4   Section        0  app.o(.text)
    .text                                    0x08003518   Section        0  dmul.o(.text)
    .text                                    0x080035fc   Section        0  ddiv.o(.text)
    .text                                    0x080036da   Section        0  dflti.o(.text)
    .text                                    0x080036fc   Section        0  dfixui.o(.text)
    .text                                    0x0800372e   Section        0  llushr.o(.text)
    .text                                    0x0800374e   Section        0  iusefp.o(.text)
    .text                                    0x0800374e   Section        0  depilogue.o(.text)
    .text                                    0x08003808   Section       36  init.o(.text)
    .text                                    0x0800382c   Section        0  llshl.o(.text)
    i.__scatterload_copy                     0x0800384a   Section       14  handlers.o(i.__scatterload_copy)
    i.__scatterload_null                     0x08003858   Section        2  handlers.o(i.__scatterload_null)
    i.__scatterload_zeroinit                 0x0800385a   Section       14  handlers.o(i.__scatterload_zeroinit)
    .data                                    0x20000000   Section        4  common.o(.data)
    fac_us                                   0x20000000   Data           1  common.o(.data)
    fac_ms                                   0x20000002   Data           2  common.o(.data)
    .data                                    0x20000004   Section       20  system_stm32f10x.o(.data)
    .data                                    0x20000018   Section       20  stm32f10x_rcc.o(.data)
    APBAHBPrescTable                         0x20000018   Data          16  stm32f10x_rcc.o(.data)
    ADCPrescTable                            0x20000028   Data           4  stm32f10x_rcc.o(.data)
    .data                                    0x2000002c   Section        4  wifi.o(.data)
    .data                                    0x20000030   Section        4  systick.o(.data)
    .data                                    0x20000034   Section        2  smotor.o(.data)
    .data                                    0x20000038   Section       38  app.o(.data)
    .bss                                     0x20000060   Section     1024  wifi.o(.bss)
    .bss                                     0x20000460   Section       10  systick.o(.bss)
    .bss                                     0x2000046a   Section       10  app.o(.bss)
    STACK                                    0x20000478   Section      512  startup_stm32f10x_md.o(STACK)

    Global Symbols

    Symbol Name                              Value     Ov Type        Size  Object(Section)

    BuildAttributes$$THM_ISAv4$P$D$K$B$S$PE$A:L22UL41UL21$X:L11$S22US41US21$IEEE1$IW$USESV6$~STKCKD$USESV7$~SHL$OSPACE$ROPI$EBA8$MICROLIB$REQ8$PRES8$EABIv2 0x00000000   Number         0  anon$$obj.o ABSOLUTE
    __ARM_use_no_argv                        0x00000000   Number         0  app.o ABSOLUTE
    __cpp_initialize__aeabi_                  - Undefined Weak Reference
    __cxa_finalize                            - Undefined Weak Reference
    __decompress                              - Undefined Weak Reference
    _clock_init                               - Undefined Weak Reference
    _microlib_exit                            - Undefined Weak Reference
    __Vectors_Size                           0x000000ec   Number         0  startup_stm32f10x_md.o ABSOLUTE
    __Vectors                                0x08000000   Data           4  startup_stm32f10x_md.o(RESET)
    __Vectors_End                            0x080000ec   Data           0  startup_stm32f10x_md.o(RESET)
    __main                                   0x080000ed   Thumb Code     0  entry.o(.ARM.Collect$$$$00000000)
    _main_stk                                0x080000ed   Thumb Code     0  entry2.o(.ARM.Collect$$$$00000001)
    _main_scatterload                        0x080000f1   Thumb Code     0  entry5.o(.ARM.Collect$$$$00000004)
    __main_after_scatterload                 0x080000f5   Thumb Code     0  entry5.o(.ARM.Collect$$$$00000004)
    _main_clock                              0x080000f5   Thumb Code     0  entry7b.o(.ARM.Collect$$$$00000008)
    _main_cpp_init                           0x080000f5   Thumb Code     0  entry8b.o(.ARM.Collect$$$$0000000A)
    _main_init                               0x080000f5   Thumb Code     0  entry9a.o(.ARM.Collect$$$$0000000B)
    __rt_final_cpp                           0x080000fd   Thumb Code     0  entry10a.o(.ARM.Collect$$$$0000000D)
    __rt_final_exit                          0x080000fd   Thumb Code     0  entry11a.o(.ARM.Collect$$$$0000000F)
    average                                  0x08000101   Thumb Code    34  common.o(.text)
    sort                                     0x08000123   Thumb Code    52  common.o(.text)
    Display2_1                               0x08000157   Thumb Code    92  common.o(.text)
    Display2                                 0x080001b3   Thumb Code    46  common.o(.text)
    Display3                                 0x080001e1   Thumb Code    82  common.o(.text)
    Display4                                 0x08000233   Thumb Code   134  common.o(.text)
    Display1_4                               0x080002b9   Thumb Code   204  common.o(.text)
    delay                                    0x08000385   Thumb Code    22  common.o(.text)
    delayus                                  0x0800039b   Thumb Code    26  common.o(.text)
    delayms                                  0x080003b5   Thumb Code    28  common.o(.text)
    delay_init                               0x080003d1   Thumb Code    50  common.o(.text)
    delay_us                                 0x08000403   Thumb Code    72  common.o(.text)
    delay_ms                                 0x0800044b   Thumb Code    72  common.o(.text)
    Square                                   0x08000493   Thumb Code    62  common.o(.text)
    SystemInit                               0x080005c7   Thumb Code    80  system_stm32f10x.o(.text)
    SystemCoreClockUpdate                    0x08000617   Thumb Code   142  system_stm32f10x.o(.text)
    NMI_Handler                              0x080006c9   Thumb Code     2  stm32f10x_it.o(.text)
    HardFault_Handler                        0x080006cb   Thumb Code     4  stm32f10x_it.o(.text)
    MemManage_Handler                        0x080006cf   Thumb Code     4  stm32f10x_it.o(.text)
    BusFault_Handler                         0x080006d3   Thumb Code     4  stm32f10x_it.o(.text)
    UsageFault_Handler                       0x080006d7   Thumb Code     4  stm32f10x_it.o(.text)
    SVC_Handler                              0x080006db   Thumb Code     2  stm32f10x_it.o(.text)
    DebugMon_Handler                         0x080006dd   Thumb Code     2  stm32f10x_it.o(.text)
    FOS_PendSV_Handler                       0x080006df   Thumb Code     2  stm32f10x_it.o(.text)
    SysTick_Handler                          0x080006e1   Thumb Code     2  stm32f10x_it.o(.text)
    Reset_Handler                            0x080006e5   Thumb Code     4  startup_stm32f10x_md.o(.text)
    PendSV_Handler                           0x080006f7   Thumb Code     2  startup_stm32f10x_md.o(.text)
    ADC1_2_IRQHandler                        0x080006fb   Thumb Code     0  startup_stm32f10x_md.o(.text)
    CAN1_RX1_IRQHandler                      0x080006fb   Thumb Code     0  startup_stm32f10x_md.o(.text)
    CAN1_SCE_IRQHandler                      0x080006fb   Thumb Code     0  startup_stm32f10x_md.o(.text)
    DMA1_Channel1_IRQHandler                 0x080006fb   Thumb Code     0  startup_stm32f10x_md.o(.text)
    DMA1_Channel2_IRQHandler                 0x080006fb   Thumb Code     0  startup_stm32f10x_md.o(.text)
    DMA1_Channel3_IRQHandler                 0x080006fb   Thumb Code     0  startup_stm32f10x_md.o(.text)
    DMA1_Channel4_IRQHandler                 0x080006fb   Thumb Code     0  startup_stm32f10x_md.o(.text)
    DMA1_Channel5_IRQHandler                 0x080006fb   Thumb Code     0  startup_stm32f10x_md.o(.text)
    DMA1_Channel6_IRQHandler                 0x080006fb   Thumb Code     0  startup_stm32f10x_md.o(.text)
    DMA1_Channel7_IRQHandler                 0x080006fb   Thumb Code     0  startup_stm32f10x_md.o(.text)
    EXTI0_IRQHandler                         0x080006fb   Thumb Code     0  startup_stm32f10x_md.o(.text)
    EXTI15_10_IRQHandler                     0x080006fb   Thumb Code     0  startup_stm32f10x_md.o(.text)
    EXTI1_IRQHandler                         0x080006fb   Thumb Code     0  startup_stm32f10x_md.o(.text)
    EXTI2_IRQHandler                         0x080006fb   Thumb Code     0  startup_stm32f10x_md.o(.text)
    EXTI3_IRQHandler                         0x080006fb   Thumb Code     0  startup_stm32f10x_md.o(.text)
    EXTI4_IRQHandler                         0x080006fb   Thumb Code     0  startup_stm32f10x_md.o(.text)
    EXTI9_5_IRQHandler                       0x080006fb   Thumb Code     0  startup_stm32f10x_md.o(.text)
    FLASH_IRQHandler                         0x080006fb   Thumb Code     0  startup_stm32f10x_md.o(.text)
    I2C1_ER_IRQHandler                       0x080006fb   Thumb Code     0  startup_stm32f10x_md.o(.text)
    I2C1_EV_IRQHandler                       0x080006fb   Thumb Code     0  startup_stm32f10x_md.o(.text)
    I2C2_ER_IRQHandler                       0x080006fb   Thumb Code     0  startup_stm32f10x_md.o(.text)
    I2C2_EV_IRQHandler                       0x080006fb   Thumb Code     0  startup_stm32f10x_md.o(.text)
    PVD_IRQHandler                           0x080006fb   Thumb Code     0  startup_stm32f10x_md.o(.text)
    RCC_IRQHandler                           0x080006fb   Thumb Code     0  startup_stm32f10x_md.o(.text)
    RTCAlarm_IRQHandler                      0x080006fb   Thumb Code     0  startup_stm32f10x_md.o(.text)
    RTC_IRQHandler                           0x080006fb   Thumb Code     0  startup_stm32f10x_md.o(.text)
    SPI1_IRQHandler                          0x080006fb   Thumb Code     0  startup_stm32f10x_md.o(.text)
    SPI2_IRQHandler                          0x080006fb   Thumb Code     0  startup_stm32f10x_md.o(.text)
    TAMPER_IRQHandler                        0x080006fb   Thumb Code     0  startup_stm32f10x_md.o(.text)
    TIM1_BRK_IRQHandler                      0x080006fb   Thumb Code     0  startup_stm32f10x_md.o(.text)
    TIM1_CC_IRQHandler                       0x080006fb   Thumb Code     0  startup_stm32f10x_md.o(.text)
    TIM1_TRG_COM_IRQHandler                  0x080006fb   Thumb Code     0  startup_stm32f10x_md.o(.text)
    TIM1_UP_IRQHandler                       0x080006fb   Thumb Code     0  startup_stm32f10x_md.o(.text)
    TIM4_IRQHandler                          0x080006fb   Thumb Code     0  startup_stm32f10x_md.o(.text)
    USART2_IRQHandler                        0x080006fb   Thumb Code     0  startup_stm32f10x_md.o(.text)
    USART3_IRQHandler                        0x080006fb   Thumb Code     0  startup_stm32f10x_md.o(.text)
    USBWakeUp_IRQHandler                     0x080006fb   Thumb Code     0  startup_stm32f10x_md.o(.text)
    USB_HP_CAN1_TX_IRQHandler                0x080006fb   Thumb Code     0  startup_stm32f10x_md.o(.text)
    USB_LP_CAN1_RX0_IRQHandler               0x080006fb   Thumb Code     0  startup_stm32f10x_md.o(.text)
    WWDG_IRQHandler                          0x080006fb   Thumb Code     0  startup_stm32f10x_md.o(.text)
    NVIC_PriorityGroupConfig                 0x08000701   Thumb Code    10  misc.o(.text)
    NVIC_Init                                0x0800070b   Thumb Code   100  misc.o(.text)
    NVIC_SetVectorTable                      0x0800076f   Thumb Code    14  misc.o(.text)
    NVIC_SystemLPConfig                      0x0800077d   Thumb Code    34  misc.o(.text)
    SysTick_CLKSourceConfig                  0x0800079f   Thumb Code    40  misc.o(.text)
    ADC_DeInit                               0x080007dd   Thumb Code    78  stm32f10x_adc.o(.text)
    ADC_Init                                 0x0800082b   Thumb Code    70  stm32f10x_adc.o(.text)
    ADC_StructInit                           0x08000871   Thumb Code    18  stm32f10x_adc.o(.text)
    ADC_Cmd                                  0x08000883   Thumb Code    22  stm32f10x_adc.o(.text)
    ADC_DMACmd                               0x08000899   Thumb Code    22  stm32f10x_adc.o(.text)
    ADC_ITConfig                             0x080008af   Thumb Code    24  stm32f10x_adc.o(.text)
    ADC_ResetCalibration                     0x080008c7   Thumb Code    10  stm32f10x_adc.o(.text)
    ADC_GetResetCalibrationStatus            0x080008d1   Thumb Code    20  stm32f10x_adc.o(.text)
    ADC_StartCalibration                     0x080008e5   Thumb Code    10  stm32f10x_adc.o(.text)
    ADC_GetCalibrationStatus                 0x080008ef   Thumb Code    20  stm32f10x_adc.o(.text)
    ADC_SoftwareStartConvCmd                 0x08000903   Thumb Code    22  stm32f10x_adc.o(.text)
    ADC_GetSoftwareStartConvStatus           0x08000919   Thumb Code    20  stm32f10x_adc.o(.text)
    ADC_DiscModeChannelCountConfig           0x0800092d   Thumb Code    24  stm32f10x_adc.o(.text)
    ADC_DiscModeCmd                          0x08000945   Thumb Code    22  stm32f10x_adc.o(.text)
    ADC_RegularChannelConfig                 0x0800095b   Thumb Code   184  stm32f10x_adc.o(.text)
    ADC_ExternalTrigConvCmd                  0x08000a13   Thumb Code    22  stm32f10x_adc.o(.text)
    ADC_GetConversionValue                   0x08000a29   Thumb Code     8  stm32f10x_adc.o(.text)
    ADC_GetDualModeConversionValue           0x08000a31   Thumb Code     8  stm32f10x_adc.o(.text)
    ADC_AutoInjectedConvCmd                  0x08000a39   Thumb Code    22  stm32f10x_adc.o(.text)
    ADC_InjectedDiscModeCmd                  0x08000a4f   Thumb Code    22  stm32f10x_adc.o(.text)
    ADC_ExternalTrigInjectedConvConfig       0x08000a65   Thumb Code    16  stm32f10x_adc.o(.text)
    ADC_ExternalTrigInjectedConvCmd          0x08000a75   Thumb Code    22  stm32f10x_adc.o(.text)
    ADC_SoftwareStartInjectedConvCmd         0x08000a8b   Thumb Code    22  stm32f10x_adc.o(.text)
    ADC_GetSoftwareStartInjectedConvCmdStatus 0x08000aa1   Thumb Code    20  stm32f10x_adc.o(.text)
    ADC_InjectedChannelConfig                0x08000ab5   Thumb Code   130  stm32f10x_adc.o(.text)
    ADC_InjectedSequencerLengthConfig        0x08000b37   Thumb Code    24  stm32f10x_adc.o(.text)
    ADC_SetInjectedOffset                    0x08000b4f   Thumb Code    20  stm32f10x_adc.o(.text)
    ADC_GetInjectedConversionValue           0x08000b63   Thumb Code    28  stm32f10x_adc.o(.text)
    ADC_AnalogWatchdogCmd                    0x08000b7f   Thumb Code    16  stm32f10x_adc.o(.text)
    ADC_AnalogWatchdogThresholdsConfig       0x08000b8f   Thumb Code     6  stm32f10x_adc.o(.text)
    ADC_AnalogWatchdogSingleChannelConfig    0x08000b95   Thumb Code    16  stm32f10x_adc.o(.text)
    ADC_TempSensorVrefintCmd                 0x08000ba5   Thumb Code    64  stm32f10x_adc.o(.text)
    ADC_GetFlagStatus                        0x08000be5   Thumb Code    18  stm32f10x_adc.o(.text)
    ADC_ClearFlag                            0x08000bf7   Thumb Code     6  stm32f10x_adc.o(.text)
    ADC_GetITStatus                          0x08000bfd   Thumb Code    36  stm32f10x_adc.o(.text)
    ADC_ClearITPendingBit                    0x08000c21   Thumb Code    10  stm32f10x_adc.o(.text)
    GPIO_DeInit                              0x08000c2d   Thumb Code   172  stm32f10x_gpio.o(.text)
    GPIO_AFIODeInit                          0x08000cd9   Thumb Code    20  stm32f10x_gpio.o(.text)
    GPIO_Init                                0x08000ced   Thumb Code   278  stm32f10x_gpio.o(.text)
    GPIO_StructInit                          0x08000e03   Thumb Code    16  stm32f10x_gpio.o(.text)
    GPIO_ReadInputDataBit                    0x08000e13   Thumb Code    18  stm32f10x_gpio.o(.text)
    GPIO_ReadInputData                       0x08000e25   Thumb Code     8  stm32f10x_gpio.o(.text)
    GPIO_ReadOutputDataBit                   0x08000e2d   Thumb Code    18  stm32f10x_gpio.o(.text)
    GPIO_ReadOutputData                      0x08000e3f   Thumb Code     8  stm32f10x_gpio.o(.text)
    GPIO_SetBits                             0x08000e47   Thumb Code     4  stm32f10x_gpio.o(.text)
    GPIO_ResetBits                           0x08000e4b   Thumb Code     4  stm32f10x_gpio.o(.text)
    GPIO_WriteBit                            0x08000e4f   Thumb Code    10  stm32f10x_gpio.o(.text)
    GPIO_BitWrite                            0x08000e59   Thumb Code    10  stm32f10x_gpio.o(.text)
    GPIO_Write                               0x08000e63   Thumb Code     4  stm32f10x_gpio.o(.text)
    GPIO_PinLockConfig                       0x08000e67   Thumb Code    18  stm32f10x_gpio.o(.text)
    GPIO_EventOutputConfig                   0x08000e79   Thumb Code    26  stm32f10x_gpio.o(.text)
    GPIO_EventOutputCmd                      0x08000e93   Thumb Code     6  stm32f10x_gpio.o(.text)
    GPIO_PinRemapConfig                      0x08000e99   Thumb Code   138  stm32f10x_gpio.o(.text)
    GPIO_EXTILineConfig                      0x08000f23   Thumb Code    66  stm32f10x_gpio.o(.text)
    GPIO_ETH_MediaInterfaceConfig            0x08000f65   Thumb Code     8  stm32f10x_gpio.o(.text)
    RCC_DeInit                               0x08000f91   Thumb Code    64  stm32f10x_rcc.o(.text)
    RCC_HSEConfig                            0x08000fd1   Thumb Code    70  stm32f10x_rcc.o(.text)
    RCC_GetFlagStatus                        0x08001017   Thumb Code    56  stm32f10x_rcc.o(.text)
    RCC_WaitForHSEStartUp                    0x0800104f   Thumb Code    56  stm32f10x_rcc.o(.text)
    RCC_AdjustHSICalibrationValue            0x08001087   Thumb Code    20  stm32f10x_rcc.o(.text)
    RCC_HSICmd                               0x0800109b   Thumb Code     6  stm32f10x_rcc.o(.text)
    RCC_PLLConfig                            0x080010a1   Thumb Code    24  stm32f10x_rcc.o(.text)
    RCC_PLLCmd                               0x080010b9   Thumb Code     6  stm32f10x_rcc.o(.text)
    RCC_SYSCLKConfig                         0x080010bf   Thumb Code    18  stm32f10x_rcc.o(.text)
    RCC_GetSYSCLKSource                      0x080010d1   Thumb Code    10  stm32f10x_rcc.o(.text)
    RCC_HCLKConfig                           0x080010db   Thumb Code    18  stm32f10x_rcc.o(.text)
    RCC_PCLK1Config                          0x080010ed   Thumb Code    18  stm32f10x_rcc.o(.text)
    RCC_PCLK2Config                          0x080010ff   Thumb Code    20  stm32f10x_rcc.o(.text)
    RCC_ITConfig                             0x08001113   Thumb Code    26  stm32f10x_rcc.o(.text)
    RCC_USBCLKConfig                         0x0800112d   Thumb Code     8  stm32f10x_rcc.o(.text)
    RCC_ADCCLKConfig                         0x08001135   Thumb Code    18  stm32f10x_rcc.o(.text)
    RCC_LSEConfig                            0x08001147   Thumb Code    50  stm32f10x_rcc.o(.text)
    RCC_LSICmd                               0x08001179   Thumb Code     6  stm32f10x_rcc.o(.text)
    RCC_RTCCLKConfig                         0x0800117f   Thumb Code    12  stm32f10x_rcc.o(.text)
    RCC_RTCCLKCmd                            0x0800118b   Thumb Code     8  stm32f10x_rcc.o(.text)
    RCC_GetClocksFreq                        0x08001193   Thumb Code   192  stm32f10x_rcc.o(.text)
    RCC_AHBPeriphClockCmd                    0x08001253   Thumb Code    26  stm32f10x_rcc.o(.text)
    RCC_APB2PeriphClockCmd                   0x0800126d   Thumb Code    26  stm32f10x_rcc.o(.text)
    RCC_APB1PeriphClockCmd                   0x08001287   Thumb Code    26  stm32f10x_rcc.o(.text)
    RCC_APB2PeriphResetCmd                   0x080012a1   Thumb Code    26  stm32f10x_rcc.o(.text)
    RCC_APB1PeriphResetCmd                   0x080012bb   Thumb Code    26  stm32f10x_rcc.o(.text)
    RCC_BackupResetCmd                       0x080012d5   Thumb Code     8  stm32f10x_rcc.o(.text)
    RCC_ClockSecuritySystemCmd               0x080012dd   Thumb Code     6  stm32f10x_rcc.o(.text)
    RCC_MCOConfig                            0x080012e3   Thumb Code     6  stm32f10x_rcc.o(.text)
    RCC_ClearFlag                            0x080012e9   Thumb Code    14  stm32f10x_rcc.o(.text)
    RCC_GetITStatus                          0x080012f7   Thumb Code    20  stm32f10x_rcc.o(.text)
    RCC_ClearITPendingBit                    0x0800130b   Thumb Code     6  stm32f10x_rcc.o(.text)
    TIM_DeInit                               0x08001335   Thumb Code   424  stm32f10x_tim.o(.text)
    TIM_TimeBaseInit                         0x080014dd   Thumb Code   122  stm32f10x_tim.o(.text)
    TIM_OC1Init                              0x08001557   Thumb Code   132  stm32f10x_tim.o(.text)
    TIM_OC2Init                              0x080015db   Thumb Code   154  stm32f10x_tim.o(.text)
    TIM_OC3Init                              0x08001675   Thumb Code   150  stm32f10x_tim.o(.text)
    TIM_OC4Init                              0x0800170b   Thumb Code   182  stm32f10x_tim.o(.text)
    TIM_SetIC4Prescaler                      0x080017c1   Thumb Code    26  stm32f10x_tim.o(.text)
    TIM_SetIC3Prescaler                      0x0800185d   Thumb Code    18  stm32f10x_tim.o(.text)
    TIM_SetIC2Prescaler                      0x080018e9   Thumb Code    26  stm32f10x_tim.o(.text)
    TIM_SetIC1Prescaler                      0x08001985   Thumb Code    18  stm32f10x_tim.o(.text)
    TIM_ICInit                               0x08001a03   Thumb Code   150  stm32f10x_tim.o(.text)
    TIM_PWMIConfig                           0x08001a99   Thumb Code   124  stm32f10x_tim.o(.text)
    TIM_BDTRConfig                           0x08001b15   Thumb Code    32  stm32f10x_tim.o(.text)
    TIM_TimeBaseStructInit                   0x08001b35   Thumb Code    18  stm32f10x_tim.o(.text)
    TIM_OCStructInit                         0x08001b47   Thumb Code    20  stm32f10x_tim.o(.text)
    TIM_ICStructInit                         0x08001b5b   Thumb Code    18  stm32f10x_tim.o(.text)
    TIM_BDTRStructInit                       0x08001b6d   Thumb Code    40  stm32f10x_tim.o(.text)
    TIM_Cmd                                  0x08001b95   Thumb Code    24  stm32f10x_tim.o(.text)
    TIM_CtrlPWMOutputs                       0x08001bad   Thumb Code    30  stm32f10x_tim.o(.text)
    TIM_ITConfig                             0x08001bcb   Thumb Code    18  stm32f10x_tim.o(.text)
    TIM_GenerateEvent                        0x08001bdd   Thumb Code     4  stm32f10x_tim.o(.text)
    TIM_DMAConfig                            0x08001be1   Thumb Code    10  stm32f10x_tim.o(.text)
    TIM_DMACmd                               0x08001beb   Thumb Code    18  stm32f10x_tim.o(.text)
    TIM_InternalClockConfig                  0x08001bfd   Thumb Code    12  stm32f10x_tim.o(.text)
    TIM_SelectInputTrigger                   0x08001c09   Thumb Code    18  stm32f10x_tim.o(.text)
    TIM_ITRxExternalClockConfig              0x08001c1b   Thumb Code    24  stm32f10x_tim.o(.text)
    TIM_TIxExternalClockConfig               0x08001c33   Thumb Code    62  stm32f10x_tim.o(.text)
    TIM_ETRConfig                            0x08001c71   Thumb Code    28  stm32f10x_tim.o(.text)
    TIM_ETRClockMode1Config                  0x08001c8d   Thumb Code    54  stm32f10x_tim.o(.text)
    TIM_ETRClockMode2Config                  0x08001cc3   Thumb Code    32  stm32f10x_tim.o(.text)
    TIM_PrescalerConfig                      0x08001ce3   Thumb Code     6  stm32f10x_tim.o(.text)
    TIM_CounterModeConfig                    0x08001ce9   Thumb Code    18  stm32f10x_tim.o(.text)
    TIM_EncoderInterfaceConfig               0x08001cfb   Thumb Code    66  stm32f10x_tim.o(.text)
    TIM_ForcedOC1Config                      0x08001d3d   Thumb Code    18  stm32f10x_tim.o(.text)
    TIM_ForcedOC2Config                      0x08001d4f   Thumb Code    26  stm32f10x_tim.o(.text)
    TIM_ForcedOC3Config                      0x08001d69   Thumb Code    18  stm32f10x_tim.o(.text)
    TIM_ForcedOC4Config                      0x08001d7b   Thumb Code    26  stm32f10x_tim.o(.text)
    TIM_ARRPreloadConfig                     0x08001d95   Thumb Code    24  stm32f10x_tim.o(.text)
    TIM_SelectCOM                            0x08001dad   Thumb Code    24  stm32f10x_tim.o(.text)
    TIM_SelectCCDMA                          0x08001dc5   Thumb Code    24  stm32f10x_tim.o(.text)
    TIM_CCPreloadControl                     0x08001ddd   Thumb Code    24  stm32f10x_tim.o(.text)
    TIM_OC1PreloadConfig                     0x08001df5   Thumb Code    18  stm32f10x_tim.o(.text)
    TIM_OC2PreloadConfig                     0x08001e07   Thumb Code    26  stm32f10x_tim.o(.text)
    TIM_OC3PreloadConfig                     0x08001e21   Thumb Code    18  stm32f10x_tim.o(.text)
    TIM_OC4PreloadConfig                     0x08001e33   Thumb Code    26  stm32f10x_tim.o(.text)
    TIM_OC1FastConfig                        0x08001e4d   Thumb Code    18  stm32f10x_tim.o(.text)
    TIM_OC2FastConfig                        0x08001e5f   Thumb Code    26  stm32f10x_tim.o(.text)
    TIM_OC3FastConfig                        0x08001e79   Thumb Code    18  stm32f10x_tim.o(.text)
    TIM_OC4FastConfig                        0x08001e8b   Thumb Code    26  stm32f10x_tim.o(.text)
    TIM_ClearOC1Ref                          0x08001ea5   Thumb Code    18  stm32f10x_tim.o(.text)
    TIM_ClearOC2Ref                          0x08001eb7   Thumb Code    24  stm32f10x_tim.o(.text)
    TIM_ClearOC3Ref                          0x08001ecf   Thumb Code    18  stm32f10x_tim.o(.text)
    TIM_ClearOC4Ref                          0x08001ee1   Thumb Code    24  stm32f10x_tim.o(.text)
    TIM_OC1PolarityConfig                    0x08001ef9   Thumb Code    18  stm32f10x_tim.o(.text)
    TIM_OC1NPolarityConfig                   0x08001f0b   Thumb Code    18  stm32f10x_tim.o(.text)
    TIM_OC2PolarityConfig                    0x08001f1d   Thumb Code    26  stm32f10x_tim.o(.text)
    TIM_OC2NPolarityConfig                   0x08001f37   Thumb Code    26  stm32f10x_tim.o(.text)
    TIM_OC3PolarityConfig                    0x08001f51   Thumb Code    26  stm32f10x_tim.o(.text)
    TIM_OC3NPolarityConfig                   0x08001f6b   Thumb Code    26  stm32f10x_tim.o(.text)
    TIM_OC4PolarityConfig                    0x08001f85   Thumb Code    26  stm32f10x_tim.o(.text)
    TIM_CCxCmd                               0x08001f9f   Thumb Code    30  stm32f10x_tim.o(.text)
    TIM_CCxNCmd                              0x08001fbd   Thumb Code    30  stm32f10x_tim.o(.text)
    TIM_SelectOCxM                           0x08001fdb   Thumb Code    82  stm32f10x_tim.o(.text)
    TIM_UpdateDisableConfig                  0x0800202d   Thumb Code    24  stm32f10x_tim.o(.text)
    TIM_UpdateRequestConfig                  0x08002045   Thumb Code    24  stm32f10x_tim.o(.text)
    TIM_SelectHallSensor                     0x0800205d   Thumb Code    24  stm32f10x_tim.o(.text)
    TIM_SelectOnePulseMode                   0x08002075   Thumb Code    18  stm32f10x_tim.o(.text)
    TIM_SelectOutputTrigger                  0x08002087   Thumb Code    18  stm32f10x_tim.o(.text)
    TIM_SelectSlaveMode                      0x08002099   Thumb Code    18  stm32f10x_tim.o(.text)
    TIM_SelectMasterSlaveMode                0x080020ab   Thumb Code    18  stm32f10x_tim.o(.text)
    TIM_SetCounter                           0x080020bd   Thumb Code     4  stm32f10x_tim.o(.text)
    TIM_SetAutoreload                        0x080020c1   Thumb Code     4  stm32f10x_tim.o(.text)
    TIM_SetCompare1                          0x080020c5   Thumb Code     4  stm32f10x_tim.o(.text)
    TIM_SetCompare2                          0x080020c9   Thumb Code     4  stm32f10x_tim.o(.text)
    TIM_SetCompare3                          0x080020cd   Thumb Code     4  stm32f10x_tim.o(.text)
    TIM_SetCompare4                          0x080020d1   Thumb Code     6  stm32f10x_tim.o(.text)
    TIM_SetClockDivision                     0x080020d7   Thumb Code    18  stm32f10x_tim.o(.text)
    TIM_GetCapture1                          0x080020e9   Thumb Code     6  stm32f10x_tim.o(.text)
    TIM_GetCapture2                          0x080020ef   Thumb Code     6  stm32f10x_tim.o(.text)
    TIM_GetCapture3                          0x080020f5   Thumb Code     6  stm32f10x_tim.o(.text)
    TIM_GetCapture4                          0x080020fb   Thumb Code     8  stm32f10x_tim.o(.text)
    TIM_GetCounter                           0x08002103   Thumb Code     6  stm32f10x_tim.o(.text)
    TIM_GetPrescaler                         0x08002109   Thumb Code     6  stm32f10x_tim.o(.text)
    TIM_GetFlagStatus                        0x0800210f   Thumb Code    18  stm32f10x_tim.o(.text)
    TIM_ClearFlag                            0x08002121   Thumb Code     6  stm32f10x_tim.o(.text)
    TIM_GetITStatus                          0x08002127   Thumb Code    34  stm32f10x_tim.o(.text)
    TIM_ClearITPendingBit                    0x08002149   Thumb Code     6  stm32f10x_tim.o(.text)
    USART_DeInit                             0x08002151   Thumb Code   134  stm32f10x_usart.o(.text)
    USART_Init                               0x080021d7   Thumb Code   210  stm32f10x_usart.o(.text)
    USART_StructInit                         0x080022a9   Thumb Code    24  stm32f10x_usart.o(.text)
    USART_ClockInit                          0x080022c1   Thumb Code    34  stm32f10x_usart.o(.text)
    USART_ClockStructInit                    0x080022e3   Thumb Code    12  stm32f10x_usart.o(.text)
    USART_Cmd                                0x080022ef   Thumb Code    24  stm32f10x_usart.o(.text)
    USART_ITConfig                           0x08002307   Thumb Code    74  stm32f10x_usart.o(.text)
    USART_DMACmd                             0x08002351   Thumb Code    18  stm32f10x_usart.o(.text)
    USART_SetAddress                         0x08002363   Thumb Code    18  stm32f10x_usart.o(.text)
    USART_WakeUpConfig                       0x08002375   Thumb Code    18  stm32f10x_usart.o(.text)
    USART_ReceiverWakeUpCmd                  0x08002387   Thumb Code    24  stm32f10x_usart.o(.text)
    USART_LINBreakDetectLengthConfig         0x0800239f   Thumb Code    18  stm32f10x_usart.o(.text)
    USART_LINCmd                             0x080023b1   Thumb Code    24  stm32f10x_usart.o(.text)
    USART_SendData                           0x080023c9   Thumb Code     8  stm32f10x_usart.o(.text)
    USART_ReceiveData                        0x080023d1   Thumb Code    10  stm32f10x_usart.o(.text)
    USART_SendBreak                          0x080023db   Thumb Code    10  stm32f10x_usart.o(.text)
    USART_SetGuardTime                       0x080023e5   Thumb Code    16  stm32f10x_usart.o(.text)
    USART_SetPrescaler                       0x080023f5   Thumb Code    16  stm32f10x_usart.o(.text)
    USART_SmartCardCmd                       0x08002405   Thumb Code    24  stm32f10x_usart.o(.text)
    USART_SmartCardNACKCmd                   0x0800241d   Thumb Code    24  stm32f10x_usart.o(.text)
    USART_HalfDuplexCmd                      0x08002435   Thumb Code    24  stm32f10x_usart.o(.text)
    USART_OverSampling8Cmd                   0x0800244d   Thumb Code    22  stm32f10x_usart.o(.text)
    USART_OneBitMethodCmd                    0x08002463   Thumb Code    24  stm32f10x_usart.o(.text)
    USART_IrDAConfig                         0x0800247b   Thumb Code    18  stm32f10x_usart.o(.text)
    USART_IrDACmd                            0x0800248d   Thumb Code    24  stm32f10x_usart.o(.text)
    USART_GetFlagStatus                      0x080024a5   Thumb Code    26  stm32f10x_usart.o(.text)
    USART_ClearFlag                          0x080024bf   Thumb Code    18  stm32f10x_usart.o(.text)
    USART_GetITStatus                        0x080024d1   Thumb Code    84  stm32f10x_usart.o(.text)
    USART_ClearITPendingBit                  0x08002525   Thumb Code    52  stm32f10x_usart.o(.text)
    GPIO_Config                              0x08002559   Thumb Code    50  io.o(.text)
    ADC_Configuration                        0x08002591   Thumb Code   142  ad.o(.text)
    Get_ADC                                  0x0800261f   Thumb Code    58  ad.o(.text)
    WiFi_Init                                0x08002661   Thumb Code   150  wifi.o(.text)
    WiFi_Send_Command                        0x080026f7   Thumb Code   112  wifi.o(.text)
    WiFi_Send_Data                           0x08002767   Thumb Code    50  wifi.o(.text)
    Connect_WiFi                             0x08002799   Thumb Code   230  wifi.o(.text)
    USART1_IRQHandler                        0x0800287f   Thumb Code   134  wifi.o(.text)
    SysTick_Init                             0x08002981   Thumb Code   122  systick.o(.text)
    SysTick_JumpEdge                         0x080029fb   Thumb Code    22  systick.o(.text)
    TIM2_IRQHandler                          0x08002a11   Thumb Code   452  systick.o(.text)
    SMotor_Init                              0x08002bdd   Thumb Code   294  smotor.o(.text)
    SMotor_FFW                               0x08002d03   Thumb Code    52  smotor.o(.text)
    TIM3_IRQHandler                          0x08002d37   Thumb Code   928  smotor.o(.text)
    DHT11_IO_IN                              0x080030e1   Thumb Code    24  dht11.o(.text)
    DHT11_IO_OUT                             0x080030f9   Thumb Code    30  dht11.o(.text)
    DHT11_Rst                                0x08003117   Thumb Code    34  dht11.o(.text)
    DHT11_Check                              0x08003139   Thumb Code    78  dht11.o(.text)
    DHT11_Read_Bit                           0x08003187   Thumb Code    76  dht11.o(.text)
    DHT11_Read_Byte                          0x080031d3   Thumb Code    30  dht11.o(.text)
    DHT11_Read_Data                          0x080031f1   Thumb Code   112  dht11.o(.text)
    DHT11_Init                               0x08003261   Thumb Code    54  dht11.o(.text)
    main                                     0x080032a5   Thumb Code   554  app.o(.text)
    __aeabi_dmul                             0x08003519   Thumb Code   228  dmul.o(.text)
    __aeabi_ddiv                             0x080035fd   Thumb Code   222  ddiv.o(.text)
    __aeabi_i2d                              0x080036db   Thumb Code    34  dflti.o(.text)
    __aeabi_d2uiz                            0x080036fd   Thumb Code    50  dfixui.o(.text)
    __aeabi_llsr                             0x0800372f   Thumb Code    32  llushr.o(.text)
    _ll_ushift_r                             0x0800372f   Thumb Code     0  llushr.o(.text)
    __I$use$fp                               0x0800374f   Thumb Code     0  iusefp.o(.text)
    _double_round                            0x0800374f   Thumb Code    30  depilogue.o(.text)
    _double_epilogue                         0x0800376d   Thumb Code   156  depilogue.o(.text)
    __scatterload                            0x08003809   Thumb Code    28  init.o(.text)
    __scatterload_rt2                        0x08003809   Thumb Code     0  init.o(.text)
    __aeabi_llsl                             0x0800382d   Thumb Code    30  llshl.o(.text)
    _ll_shift_l                              0x0800382d   Thumb Code     0  llshl.o(.text)
    __scatterload_copy                       0x0800384b   Thumb Code    14  handlers.o(i.__scatterload_copy)
    __scatterload_null                       0x08003859   Thumb Code     2  handlers.o(i.__scatterload_null)
    __scatterload_zeroinit                   0x0800385b   Thumb Code    14  handlers.o(i.__scatterload_zeroinit)
    Region$$Table$$Base                      0x08003868   Number         0  anon$$obj.o(Region$$Table)
    Region$$Table$$Limit                     0x08003888   Number         0  anon$$obj.o(Region$$Table)
    SystemCoreClock                          0x20000004   Data           4  system_stm32f10x.o(.data)
    AHBPrescTable                            0x20000008   Data          16  system_stm32f10x.o(.data)
    WiFi_RX_STA                              0x2000002c   Data           2  wifi.o(.data)
    WiFi_RX_Len                              0x2000002e   Data           2  wifi.o(.data)
    SysTickTime                              0x20000030   Data           4  systick.o(.data)
    Step                                     0x20000034   Data           1  smotor.o(.data)
    Direction                                0x20000035   Data           1  smotor.o(.data)
    SendBuff                                 0x20000038   Data          15  app.o(.data)
    IRQ_Time                                 0x20000048   Data           2  app.o(.data)
    WindowSet                                0x2000004c   Data           4  app.o(.data)
    WindowNow                                0x20000050   Data           4  app.o(.data)
    Window_JumpEdge                          0x20000054   Data           1  app.o(.data)
    Light                                    0x20000056   Data           2  app.o(.data)
    Temp                                     0x20000058   Data           2  app.o(.data)
    Humi                                     0x2000005a   Data           2  app.o(.data)
    Mode                                     0x2000005c   Data           1  app.o(.data)
    Send_JumpEdge                            0x2000005d   Data           1  app.o(.data)
    WiFi_RX_BUF                              0x20000060   Data        1024  wifi.o(.bss)
    SysTickBit                               0x20000460   Data          10  systick.o(.bss)
    Dis                                      0x2000046a   Data          10  app.o(.bss)
    __initial_sp                             0x20000678   Data           0  startup_stm32f10x_md.o(STACK)



==============================================================================

Memory Map of the image

  Image Entry point : 0x080000ed

  Load Region LR_IROM1 (Base: 0x08000000, Size: 0x000038e8, Max: 0x00080000, ABSOLUTE)

    Execution Region ER_IROM1 (Base: 0x08000000, Size: 0x00003888, Max: 0x00080000, ABSOLUTE)

    Base Addr    Size         Type   Attr      Idx    E Section Name        Object

    0x08000000   0x000000ec   Data   RO           92    RESET               startup_stm32f10x_md.o
    0x080000ec   0x00000000   Code   RO          393  * .ARM.Collect$$$$00000000  mc_w.l(entry.o)
    0x080000ec   0x00000004   Code   RO          404    .ARM.Collect$$$$00000001  mc_w.l(entry2.o)
    0x080000f0   0x00000004   Code   RO          407    .ARM.Collect$$$$00000004  mc_w.l(entry5.o)
    0x080000f4   0x00000000   Code   RO          409    .ARM.Collect$$$$00000008  mc_w.l(entry7b.o)
    0x080000f4   0x00000000   Code   RO          411    .ARM.Collect$$$$0000000A  mc_w.l(entry8b.o)
    0x080000f4   0x00000008   Code   RO          412    .ARM.Collect$$$$0000000B  mc_w.l(entry9a.o)
    0x080000fc   0x00000000   Code   RO          414    .ARM.Collect$$$$0000000D  mc_w.l(entry10a.o)
    0x080000fc   0x00000000   Code   RO          416    .ARM.Collect$$$$0000000F  mc_w.l(entry11a.o)
    0x080000fc   0x00000004   Code   RO          405    .ARM.Collect$$$$00002712  mc_w.l(entry2.o)
    0x08000100   0x000003e8   Code   RO            1    .text               common.o
    0x080004e8   0x000001e0   Code   RO           57    .text               system_stm32f10x.o
    0x080006c8   0x0000001a   Code   RO           75    .text               stm32f10x_it.o
    0x080006e2   0x00000002   PAD
    0x080006e4   0x0000001c   Code   RO           93    .text               startup_stm32f10x_md.o
    0x08000700   0x000000dc   Code   RO           97    .text               misc.o
    0x080007dc   0x0000044e   Code   RO          109    .text               stm32f10x_adc.o
    0x08000c2a   0x00000002   PAD
    0x08000c2c   0x00000364   Code   RO          124    .text               stm32f10x_gpio.o
    0x08000f90   0x000003a4   Code   RO          136    .text               stm32f10x_rcc.o
    0x08001334   0x00000e1a   Code   RO          165    .text               stm32f10x_tim.o
    0x0800214e   0x00000002   PAD
    0x08002150   0x00000408   Code   RO          180    .text               stm32f10x_usart.o
    0x08002558   0x00000038   Code   RO          240    .text               io.o
    0x08002590   0x000000d0   Code   RO          255    .text               ad.o
    0x08002660   0x00000320   Code   RO          288    .text               wifi.o
    0x08002980   0x0000025c   Code   RO          311    .text               systick.o
    0x08002bdc   0x00000504   Code   RO          330    .text               smotor.o
    0x080030e0   0x000001c4   Code   RO          348    .text               dht11.o
    0x080032a4   0x00000274   Code   RO          363    .text               app.o
    0x08003518   0x000000e4   Code   RO          396    .text               mf_w.l(dmul.o)
    0x080035fc   0x000000de   Code   RO          398    .text               mf_w.l(ddiv.o)
    0x080036da   0x00000022   Code   RO          400    .text               mf_w.l(dflti.o)
    0x080036fc   0x00000032   Code   RO          402    .text               mf_w.l(dfixui.o)
    0x0800372e   0x00000020   Code   RO          418    .text               mc_w.l(llushr.o)
    0x0800374e   0x00000000   Code   RO          420    .text               mc_w.l(iusefp.o)
    0x0800374e   0x000000ba   Code   RO          421    .text               mf_w.l(depilogue.o)
    0x08003808   0x00000024   Code   RO          423    .text               mc_w.l(init.o)
    0x0800382c   0x0000001e   Code   RO          425    .text               mc_w.l(llshl.o)
    0x0800384a   0x0000000e   Code   RO          429    i.__scatterload_copy  mc_w.l(handlers.o)
    0x08003858   0x00000002   Code   RO          430    i.__scatterload_null  mc_w.l(handlers.o)
    0x0800385a   0x0000000e   Code   RO          431    i.__scatterload_zeroinit  mc_w.l(handlers.o)
    0x08003868   0x00000020   Data   RO          427    Region$$Table       anon$$obj.o


    Execution Region RW_IRAM1 (Base: 0x20000000, Size: 0x00000678, Max: 0x00010000, ABSOLUTE)

    Base Addr    Size         Type   Attr      Idx    E Section Name        Object

    0x20000000   0x00000004   Data   RW            2    .data               common.o
    0x20000004   0x00000014   Data   RW           58    .data               system_stm32f10x.o
    0x20000018   0x00000014   Data   RW          137    .data               stm32f10x_rcc.o
    0x2000002c   0x00000004   Data   RW          290    .data               wifi.o
    0x20000030   0x00000004   Data   RW          313    .data               systick.o
    0x20000034   0x00000002   Data   RW          331    .data               smotor.o
    0x20000036   0x00000002   PAD
    0x20000038   0x00000026   Data   RW          365    .data               app.o
    0x2000005e   0x00000002   PAD
    0x20000060   0x00000400   Zero   RW          289    .bss                wifi.o
    0x20000460   0x0000000a   Zero   RW          312    .bss                systick.o
    0x2000046a   0x0000000a   Zero   RW          364    .bss                app.o
    0x20000474   0x00000004   PAD
    0x20000478   0x00000200   Zero   RW           90    STACK               startup_stm32f10x_md.o


==============================================================================

Image component sizes


      Code (inc. data)   RO Data    RW Data    ZI Data      Debug   Object Name

       208          8          0          0          0        852   ad.o
       628         74          0         38         10       1686   app.o
      1000         24          0          4          0     230302   common.o
         0          0          0          0          0         32   core_cm3.o
       452         14          0          0          0       2151   dht11.o
        56          6          0          0          0        518   io.o
       220         22          0          0          0       1793   misc.o
      1284         26          0          2          0       1874   smotor.o
        28          4        236          0        512        808   startup_stm32f10x_md.o
      1102         26          0          0          0      20089   stm32f10x_adc.o
       868         36          0          0          0       5947   stm32f10x_gpio.o
        26          0          0          0          0       1238   stm32f10x_it.o
       932         36          0         20          0       8928   stm32f10x_rcc.o
      3610         88          0          0          0      43196   stm32f10x_tim.o
      1032         22          0          0          0      14500   stm32f10x_usart.o
       480         36          0         20          0       1911   system_stm32f10x.o
       604          8          0          4         10       2393   systick.o
       800        124          0          4       1024       2506   wifi.o

    ----------------------------------------------------------------------
     13336        554        268         96       1560     340724   Object Totals
         0          0         32          0          0          0   (incl. Generated)
         6          0          0          4          4          0   (incl. Padding)

    ----------------------------------------------------------------------

      Code (inc. data)   RO Data    RW Data    ZI Data      Debug   Library Member Name

         0          0          0          0          0          0   entry.o
         0          0          0          0          0          0   entry10a.o
         0          0          0          0          0          0   entry11a.o
         8          4          0          0          0          0   entry2.o
         4          0          0          0          0          0   entry5.o
         0          0          0          0          0          0   entry7b.o
         0          0          0          0          0          0   entry8b.o
         8          4          0          0          0          0   entry9a.o
        30          0          0          0          0          0   handlers.o
        36          8          0          0          0         68   init.o
         0          0          0          0          0          0   iusefp.o
        30          0          0          0          0         68   llshl.o
        32          0          0          0          0         68   llushr.o
       222          0          0          0          0        100   ddiv.o
       186          0          0          0          0        176   depilogue.o
        50          0          0          0          0         76   dfixui.o
        34          0          0          0          0         76   dflti.o
       228          0          0          0          0         96   dmul.o

    ----------------------------------------------------------------------
       868         16          0          0          0        728   Library Totals
         0          0          0          0          0          0   (incl. Padding)

    ----------------------------------------------------------------------

      Code (inc. data)   RO Data    RW Data    ZI Data      Debug   Library Name

       148         16          0          0          0        204   mc_w.l
       720          0          0          0          0        524   mf_w.l

    ----------------------------------------------------------------------
       868         16          0          0          0        728   Library Totals

    ----------------------------------------------------------------------

==============================================================================


      Code (inc. data)   RO Data    RW Data    ZI Data      Debug   

     14204        570        268         96       1560     339940   Grand Totals
     14204        570        268         96       1560     339940   ELF Image Totals
     14204        570        268         96          0          0   ROM Totals

==============================================================================

    Total RO  Size (Code + RO Data)                14472 (  14.13kB)
    Total RW  Size (RW Data + ZI Data)              1656 (   1.62kB)
    Total ROM Size (Code + RO Data + RW Data)      14568 (  14.23kB)

==============================================================================

